---
source: tests/parse.rs
expression: parsed
---
{
  "LightmappedGeneric": {
    "$baseTexture": Value("cp_mountainlab/concrete/concretefloor003"),
    "$bumpmap": Value("concrete/concretefloor007b_height-ssbump"),
    "$detail": Value("overlays/detail001"),
    "$detailblendfactor": Value("1"),
    "$detailblendmode": Value("0"),
    "$detailscale": Value("1.9"),
    "$ssbump": Value("1"),
    "%keywords": Value("tf"),
  },
}
