---
source: tests/parse.rs
expression: parsed
---
{
  "Resource/specificPanel.res": {
    "$envmaptint": [
      ".5",
      ".5",
      ".5",
    ],
    "\\\\\"$translucent\"": "1",
    "array": [
      "1",
      "2",
      "3",
    ],
    "empty": "",
    "empty quoted": "\"\"",
    "windows_path": "C:\\test\\no newline",
  },
}
