---
source: tests/parse.rs
expression: parsed
---
Table({
  "LightmappedGeneric": Table(Table({
    "$detailblendmode": Value(Value("0")),
    "$detailscale": Value(Value("1.9")),
    "%keywords": Value(Value("tf")),
    "$bumpmap": Value(Value("concrete/concretefloor007b_height-ssbump")),
    "$detail": Value(Value("overlays/detail001")),
    "$baseTexture": Value(Value("cp_mountainlab/concrete/concretefloor003")),
    "$detailblendfactor": Value(Value("1")),
    "$ssbump": Value(Value("1")),
  })),
})
