---
source: tests/serde.rs
expression: result
---
{
  "LightmappedGeneric": {
    "$baseTexture": "cp_mountainlab/concrete/concretefloor003",
    "$bumpmap": "concrete/concretefloor007b_height-ssbump",
    "$detail": "overlays/detail001",
    "$detailblendfactor": "1",
    "$detailblendmode": "0",
    "$detailscale": "1.9",
    "$ssbump": "1",
    "%keywords": "tf",
  },
}
