---
source: tests/serde.rs
expression: out
---
vmt_parser::parse_serde

  × Can't parse "2" as bool
   ╭─[5:19]
 4 │         "$bumpmap" "concrete/concretefloor007b_height-ssbump"
 5 │         "$ssbump" "2"
   ·                   ─┬─
   ·                    ╰── Expected a bool
 6 │         "%keywords" "tf"
   ╰────

